
Running 7 tests using 1 worker

  ✓  1 [chromium] › tests/navigation.spec.ts:5:9 › Parkside Villa Kitui E2E Tests › Homepage loads correctly and has title (892ms)
  ✓  2 [chromium] › tests/navigation.spec.ts:12:9 › Parkside Villa Kitui E2E Tests › Navigation links on homepage are visible (1.3s)
  ✘  3 [chromium] › tests/navigation.spec.ts:22:9 › Parkside Villa Kitui E2E Tests › Room cards are visible and "Reserve" button opens a modal (8.9s)
  ✘  4 [chromium] › tests/navigation.spec.ts:22:9 › Parkside Villa Kitui E2E Tests › Room cards are visible and "Reserve" button opens a modal (retry #1) (9.9s)
  ✓  5 [chromium] › tests/navigation.spec.ts:33:9 › Parkside Villa Kitui E2E Tests › Dining page navigation and content (1.9s)
  ✓  6 [chromium] › tests/navigation.spec.ts:40:9 › Parkside Villa Kitui E2E Tests › Contact section form elements are present (1.1s)
  ✓  7 [chromium] › tests/navigation.spec.ts:52:9 › Parkside Villa Kitui E2E Tests › Footer is visible with copyright text (636ms)
  ✘  8 [chromium] › tests/navigation.spec.ts:58:9 › Parkside Villa Kitui E2E Tests › Admin login page is accessible (5.5s)
  ✘  9 [chromium] › tests/navigation.spec.ts:58:9 › Parkside Villa Kitui E2E Tests › Admin login page is accessible (retry #1) (6.8s)


  1) [chromium] › tests/navigation.spec.ts:22:9 › Parkside Villa Kitui E2E Tests › Room cards are visible and "Reserve" button opens a modal 

    Error: [2mexpect([22m[31mlocator[39m[2m).[22mtoBeVisible[2m([22m[2m)[22m failed

    Locator: getByText('Confirm Booking')
    Expected: visible
    Timeout: 5000ms
    Error: element(s) not found

    Call log:
    [2m  - Expect "toBeVisible" with timeout 5000ms[22m
    [2m  - waiting for getByText('Confirm Booking')[22m


      28 |         await expect(bookButtons.first()).toBeVisible({ timeout: 10000 });
      29 |         await bookButtons.first().click();
    > 30 |         await expect(page.getByText('Confirm Booking')).toBeVisible();
         |                                                         ^
      31 |     });
      32 |
      33 |     test('Dining page navigation and content', async ({ page }) => {
        at /home/evans/Projects/WEBSITE UPGRADE PARKSIDE VILLA/tests/navigation.spec.ts:30:57

    Error Context: test-results/navigation-Parkside-Villa--043c7-eserve-button-opens-a-modal-chromium/error-context.md

    Retry #1 ───────────────────────────────────────────────────────────────────────────────────────

    Error: [2mexpect([22m[31mlocator[39m[2m).[22mtoBeVisible[2m([22m[2m)[22m failed

    Locator: getByText('Confirm Booking')
    Expected: visible
    Timeout: 5000ms
    Error: element(s) not found

    Call log:
    [2m  - Expect "toBeVisible" with timeout 5000ms[22m
    [2m  - waiting for getByText('Confirm Booking')[22m


      28 |         await expect(bookButtons.first()).toBeVisible({ timeout: 10000 });
      29 |         await bookButtons.first().click();
    > 30 |         await expect(page.getByText('Confirm Booking')).toBeVisible();
         |                                                         ^
      31 |     });
      32 |
      33 |     test('Dining page navigation and content', async ({ page }) => {
        at /home/evans/Projects/WEBSITE UPGRADE PARKSIDE VILLA/tests/navigation.spec.ts:30:57

    Error Context: test-results/navigation-Parkside-Villa--043c7-eserve-button-opens-a-modal-chromium-retry1/error-context.md

    attachment #2: trace (application/zip) ─────────────────────────────────────────────────────────
    test-results/navigation-Parkside-Villa--043c7-eserve-button-opens-a-modal-chromium-retry1/trace.zip
    Usage:

        npx playwright show-trace test-results/navigation-Parkside-Villa--043c7-eserve-button-opens-a-modal-chromium-retry1/trace.zip

    ────────────────────────────────────────────────────────────────────────────────────────────────

  2) [chromium] › tests/navigation.spec.ts:58:9 › Parkside Villa Kitui E2E Tests › Admin login page is accessible 

    Error: [2mexpect([22m[31mlocator[39m[2m).[22mtoBeVisible[2m([22m[2m)[22m failed

    Locator: getByText('Admin Access')
    Expected: visible
    Timeout: 5000ms
    Error: element(s) not found

    Call log:
    [2m  - Expect "toBeVisible" with timeout 5000ms[22m
    [2m  - waiting for getByText('Admin Access')[22m


      58 |     test('Admin login page is accessible', async ({ page }) => {
      59 |         await page.goto('/admin/login');
    > 60 |         await expect(page.getByText('Admin Access')).toBeVisible();
         |                                                      ^
      61 |         await expect(page.getByPlaceholder('admin@parksidevilla.com')).toBeVisible();
      62 |     });
      63 | });
        at /home/evans/Projects/WEBSITE UPGRADE PARKSIDE VILLA/tests/navigation.spec.ts:60:54

    Error Context: test-results/navigation-Parkside-Villa--d3d8a-in-login-page-is-accessible-chromium/error-context.md

    Retry #1 ───────────────────────────────────────────────────────────────────────────────────────

    Error: [2mexpect([22m[31mlocator[39m[2m).[22mtoBeVisible[2m([22m[2m)[22m failed

    Locator: getByText('Admin Access')
    Expected: visible
    Timeout: 5000ms
    Error: element(s) not found

    Call log:
    [2m  - Expect "toBeVisible" with timeout 5000ms[22m
    [2m  - waiting for getByText('Admin Access')[22m


      58 |     test('Admin login page is accessible', async ({ page }) => {
      59 |         await page.goto('/admin/login');
    > 60 |         await expect(page.getByText('Admin Access')).toBeVisible();
         |                                                      ^
      61 |         await expect(page.getByPlaceholder('admin@parksidevilla.com')).toBeVisible();
      62 |     });
      63 | });
        at /home/evans/Projects/WEBSITE UPGRADE PARKSIDE VILLA/tests/navigation.spec.ts:60:54

    Error Context: test-results/navigation-Parkside-Villa--d3d8a-in-login-page-is-accessible-chromium-retry1/error-context.md

    attachment #2: trace (application/zip) ─────────────────────────────────────────────────────────
    test-results/navigation-Parkside-Villa--d3d8a-in-login-page-is-accessible-chromium-retry1/trace.zip
    Usage:

        npx playwright show-trace test-results/navigation-Parkside-Villa--d3d8a-in-login-page-is-accessible-chromium-retry1/trace.zip

    ────────────────────────────────────────────────────────────────────────────────────────────────

  2 failed
    [chromium] › tests/navigation.spec.ts:22:9 › Parkside Villa Kitui E2E Tests › Room cards are visible and "Reserve" button opens a modal 
    [chromium] › tests/navigation.spec.ts:58:9 › Parkside Villa Kitui E2E Tests › Admin login page is accessible 
  5 passed (45.9s)
