[2m[WebServer] [22m
[2m[WebServer] [22m> parkside-villa@0.1.0 dev
[2m[WebServer] [22m> next dev
[2m[WebServer] [22m
[2m[WebServer] [22m[1m[38;2;173;127;168m▲ Next.js 16.1.6[39m[22m (Turbopack)
[2m[WebServer] [22m- Local:         http://localhost:3000
[2m[WebServer] [22m- Network:       http://192.168.100.169:3000
[2m[WebServer] [22m
[2m[WebServer] [22m[32m[1m✓[22m[39m Starting...
[2m[WebServer] [22m[32m[1m✓[22m[39m Ready in 1792ms
[2m[WebServer] [22m GET / [32m200[39m in 2.6s[2m (compile: 2.3s, render: 373ms)[22m

Running 12 tests using 2 workers

[2m[WebServer] [22m GET /admin/login [32m200[39m in 442ms[2m (compile: 78ms, render: 364ms)[22m
[2m[WebServer] [22m GET /admin/login [32m200[39m in 453ms[2m (compile: 131ms, render: 322ms)[22m
[2m[WebServer] [22m POST /admin/login [32m200[39m in 122ms[2m (compile: 7ms, render: 115ms)[22m
[2m[WebServer] [22m POST /admin/login [32m200[39m in 46ms[2m (compile: 18ms, render: 28ms)[22m
[2m[WebServer] [22m GET /admin [32m200[39m in 156ms[2m (compile: 91ms, render: 66ms)[22m
[2m[WebServer] [22m POST /admin [32m200[39m in 23ms[2m (compile: 6ms, render: 17ms)[22m
[2m[WebServer] [22m POST /admin [32m200[39m in 25ms[2m (compile: 6ms, render: 20ms)[22m
>>> [Dining Test] Starting...
[2m[WebServer] [22m GET /admin/dining [32m200[39m in 244ms[2m (compile: 77ms, render: 167ms)[22m
[2m[WebServer] [22m POST /admin/dining [32m200[39m in 25ms[2m (compile: 7ms, render: 18ms)[22m
[2m[WebServer] [22m POST /admin/dining [32m200[39m in 17ms[2m (compile: 4ms, render: 14ms)[22m
[2m[WebServer] [22m POST /admin/dining [32m200[39m in 23ms[2m (compile: 5ms, render: 17ms)[22m
[2m[WebServer] [22m POST /admin/dining [32m200[39m in 17ms[2m (compile: 4ms, render: 13ms)[22m
[2m[WebServer] [22m POST /admin/dining [32m200[39m in 18ms[2m (compile: 4ms, render: 14ms)[22m
[2m[WebServer] [22m POST /admin/dining [32m200[39m in 77ms[2m (compile: 5ms, render: 72ms)[22m
[2m[WebServer] [22m POST /admin/dining [32m200[39m in 22ms[2m (compile: 5ms, render: 17ms)[22m
[2m[WebServer] [22m POST /admin/dining [32m200[39m in 101ms[2m (compile: 5ms, render: 96ms)[22m
[2m[WebServer] [22m POST /admin/dining [32m200[39m in 21ms[2m (compile: 5ms, render: 16ms)[22m
[2m[WebServer] [22m POST /admin/dining [32m200[39m in 59ms[2m (compile: 4ms, render: 55ms)[22m
[2m[WebServer] [22m POST /admin/dining [32m200[39m in 18ms[2m (compile: 5ms, render: 13ms)[22m
[2m[WebServer] [22m POST /admin/dining [32m200[39m in 56ms[2m (compile: 4ms, render: 52ms)[22m
[2m[WebServer] [22m POST /admin/dining [32m200[39m in 27ms[2m (compile: 4ms, render: 23ms)[22m
[2m[WebServer] [22m POST /admin/dining [32m200[39m in 60ms[2m (compile: 4ms, render: 57ms)[22m
[2m[WebServer] [22m POST /admin/dining [32m200[39m in 18ms[2m (compile: 4ms, render: 13ms)[22m
>>> [Dining Test] SUCCESS.
  ✓   2 [chromium] › tests/admin-crud.spec.ts:42:9 › Parkside Villa Admin CRUD Operations › Dining CRUD (6.9s)
[2m[WebServer] [22m GET /admin/login [32m200[39m in 116ms[2m (compile: 4ms, render: 112ms)[22m
[2m[WebServer] [22m POST /admin/login [32m200[39m in 30ms[2m (compile: 6ms, render: 24ms)[22m
  ✘   1 [chromium] › tests/admin-crud.spec.ts:14:9 › Parkside Villa Admin CRUD Operations › Rooms CRUD (46.9s)
[2m[WebServer] [22m GET /admin/login [32m200[39m in 147ms[2m (compile: 8ms, render: 139ms)[22m
[2m[WebServer] [22m POST /admin/login [32m200[39m in 29ms[2m (compile: 9ms, render: 19ms)[22m
[2m[WebServer] [22m GET /admin [32m200[39m in 61ms[2m (compile: 5ms, render: 56ms)[22m
>>> [Rooms Test] Starting...
[2m[WebServer] [22m POST /admin [32m200[39m in 42ms[2m (compile: 6ms, render: 36ms)[22m
[2m[WebServer] [22m POST /admin [32m200[39m in 41ms[2m (compile: 6ms, render: 35ms)[22m
[2m[WebServer] [22m GET /admin/rooms [32m200[39m in 343ms[2m (compile: 112ms, render: 231ms)[22m
[2m[WebServer] [22m POST /admin/rooms [32m200[39m in 24ms[2m (compile: 5ms, render: 19ms)[22m
[2m[WebServer] [22m POST /admin/rooms [32m200[39m in 22ms[2m (compile: 4ms, render: 18ms)[22m
[2m[WebServer] [22m POST /admin/rooms [32m200[39m in 28ms[2m (compile: 7ms, render: 21ms)[22m
[2m[WebServer] [22m POST /admin/rooms [32m200[39m in 30ms[2m (compile: 9ms, render: 21ms)[22m
[2m[WebServer] [22m POST /admin/rooms [32m200[39m in 39ms[2m (compile: 7ms, render: 32ms)[22m
  ✘   3 [chromium] › tests/admin-crud.spec.ts:84:9 › Parkside Villa Admin CRUD Operations › Facilities CRUD (46.2s)
[2m[WebServer] [22m POST /admin/rooms [32m200[39m in 95ms[2m (compile: 8ms, render: 87ms)[22m
[2m[WebServer] [22m POST /admin/rooms [32m200[39m in 28ms[2m (compile: 8ms, render: 20ms)[22m
[2m[WebServer] [22m POST /admin/rooms [32m200[39m in 107ms[2m (compile: 7ms, render: 101ms)[22m
[2m[WebServer] [22m POST /admin/rooms [32m200[39m in 25ms[2m (compile: 6ms, render: 19ms)[22m
[2m[WebServer] [22m POST /admin/rooms [32m200[39m in 92ms[2m (compile: 5ms, render: 87ms)[22m
[2m[WebServer] [22m POST /admin/rooms [32m200[39m in 23ms[2m (compile: 6ms, render: 17ms)[22m
>>> [Rooms Test] SUCCESS.
[2m[WebServer] [22m GET /admin/login [32m200[39m in 158ms[2m (compile: 9ms, render: 149ms)[22m
  ✓   4 [chromium] › tests/admin-crud.spec.ts:14:9 › Parkside Villa Admin CRUD Operations › Rooms CRUD (retry #1) (7.6s)
[2m[WebServer] [22m GET /admin/login [32m200[39m in 171ms[2m (compile: 13ms, render: 158ms)[22m
[2m[WebServer] [22m POST /admin/login [32m200[39m in 20ms[2m (compile: 5ms, render: 15ms)[22m
[2m[WebServer] [22m POST /admin/login [32m200[39m in 29ms[2m (compile: 6ms, render: 23ms)[22m
[2m[WebServer] [22m GET /admin [32m200[39m in 57ms[2m (compile: 5ms, render: 51ms)[22m
[2m[WebServer] [22m POST /admin [32m200[39m in 51ms[2m (compile: 9ms, render: 42ms)[22m
[2m[WebServer] [22m POST /admin [32m200[39m in 39ms[2m (compile: 7ms, render: 32ms)[22m
[2m[WebServer] [22m GET /admin/facilities [32m200[39m in 231ms[2m (compile: 99ms, render: 133ms)[22m
[2m[WebServer] [22m POST /admin/facilities [32m200[39m in 19ms[2m (compile: 4ms, render: 15ms)[22m
[2m[WebServer] [22m POST /admin/facilities [32m200[39m in 19ms[2m (compile: 5ms, render: 15ms)[22m
[2m[WebServer] [22m POST /admin/facilities [32m200[39m in 18ms[2m (compile: 3ms, render: 15ms)[22m
[2m[WebServer] [22m POST /admin/facilities [32m200[39m in 18ms[2m (compile: 4ms, render: 14ms)[22m
[2m[WebServer] [22m POST /admin/facilities [32m200[39m in 32ms[2m (compile: 5ms, render: 26ms)[22m
[2m[WebServer] [22m POST /admin/facilities [32m200[39m in 71ms[2m (compile: 4ms, render: 67ms)[22m
[2m[WebServer] [22m POST /admin/facilities [32m200[39m in 19ms[2m (compile: 5ms, render: 14ms)[22m
[2m[WebServer] [22m POST /admin/facilities [32m200[39m in 56ms[2m (compile: 5ms, render: 51ms)[22m
[2m[WebServer] [22m POST /admin/facilities [32m200[39m in 17ms[2m (compile: 4ms, render: 13ms)[22m
>>> [Facilities Test] SUCCESS.
  ✓   5 [chromium] › tests/admin-crud.spec.ts:84:9 › Parkside Villa Admin CRUD Operations › Facilities CRUD (retry #1) (4.6s)
[2m[WebServer] [22m GET /admin/login [32m200[39m in 83ms[2m (compile: 4ms, render: 79ms)[22m
[2m[WebServer] [22m POST /admin/login [32m200[39m in 21ms[2m (compile: 6ms, render: 15ms)[22m
  ✘   6 [chromium] › tests/admin-crud.spec.ts:99:9 › Parkside Villa Admin CRUD Operations › Leads Management (46.3s)
[2m[WebServer] [22m GET /admin/login [32m200[39m in 138ms[2m (compile: 7ms, render: 130ms)[22m
  ✘   7 [chromium] › tests/admin-crud.spec.ts:139:9 › Parkside Villa Admin CRUD Operations › Settings Page (46.0s)
[2m[WebServer] [22m POST /admin/login [32m200[39m in 27ms[2m (compile: 7ms, render: 20ms)[22m
[2m[WebServer] [22m GET /admin [32m200[39m in 71ms[2m (compile: 8ms, render: 62ms)[22m
>>> [Leads Test] Starting...
[2m[WebServer] [22m POST /admin [32m200[39m in 48ms[2m (compile: 7ms, render: 41ms)[22m
[2m[WebServer] [22m POST /admin [32m200[39m in 212ms[2m (compile: 62ms, render: 150ms)[22m
[2m[WebServer] [22m GET / [32m200[39m in 238ms[2m (compile: 10ms, render: 228ms)[22m
[2m[WebServer] [22m POST / [32m200[39m in 30ms[2m (compile: 9ms, render: 20ms)[22m
[2m[WebServer] [22m POST / [32m200[39m in 35ms[2m (compile: 7ms, render: 28ms)[22m
[2m[WebServer] [22m GET /admin/login [32m200[39m in 155ms[2m (compile: 16ms, render: 139ms)[22m
[2m[WebServer] [22m POST / [32m200[39m in 214ms[2m (compile: 20ms, render: 195ms)[22m
[2m[WebServer] [22m POST /admin/login [32m200[39m in 32ms[2m (compile: 9ms, render: 23ms)[22m
[2m[WebServer] [22m GET /admin [32m200[39m in 48ms[2m (compile: 6ms, render: 42ms)[22m
>>> [Settings Test] Starting...
[2m[WebServer] [22m POST /admin [32m200[39m in 45ms[2m (compile: 5ms, render: 40ms)[22m
[2m[WebServer] [22m POST /admin [32m200[39m in 34ms[2m (compile: 7ms, render: 27ms)[22m
[2m[WebServer] [22m GET /admin/settings [32m200[39m in 331ms[2m (compile: 100ms, render: 231ms)[22m
[2m[WebServer] [22m POST /admin/settings [32m200[39m in 19ms[2m (compile: 5ms, render: 14ms)[22m
[2m[WebServer] [22m POST /admin/settings [32m200[39m in 19ms[2m (compile: 4ms, render: 16ms)[22m
[2m[WebServer] [22m POST /admin/settings [32m200[39m in 20ms[2m (compile: 5ms, render: 16ms)[22m
[2m[WebServer] [22m POST /admin/settings [32m200[39m in 30ms[2m (compile: 4ms, render: 26ms)[22m
[2m[WebServer] [22m POST /admin/settings [32m200[39m in 28ms[2m (compile: 7ms, render: 21ms)[22m
[2m[WebServer] [22m POST /admin/settings [32m200[39m in 64ms[2m (compile: 6ms, render: 59ms)[22m
[2m[WebServer] [22m GET /admin/settings [32m200[39m in 98ms[2m (compile: 4ms, render: 93ms)[22m
[2m[WebServer] [22m POST /admin/settings [32m200[39m in 29ms[2m (compile: 7ms, render: 22ms)[22m
[2m[WebServer] [22m POST /admin/settings [32m200[39m in 36ms[2m (compile: 7ms, render: 29ms)[22m
[2m[WebServer] [22m POST /admin/settings [32m200[39m in 27ms[2m (compile: 7ms, render: 20ms)[22m
[2m[WebServer] [22m POST /admin/settings [32m200[39m in 29ms[2m (compile: 7ms, render: 22ms)[22m
[2m[WebServer] [22m POST /admin/settings [32m200[39m in 27ms[2m (compile: 9ms, render: 18ms)[22m
[2m[WebServer] [22m POST /admin/settings [32m200[39m in 97ms[2m (compile: 4ms, render: 92ms)[22m
[2m[WebServer] [22m POST /admin/settings [32m200[39m in 23ms[2m (compile: 6ms, render: 18ms)[22m
[2m[WebServer] [22m POST /admin/settings [32m200[39m in 103ms[2m (compile: 9ms, render: 93ms)[22m
[2m[WebServer] [22m POST /admin/settings [32m200[39m in 21ms[2m (compile: 6ms, render: 15ms)[22m
>>> [Settings Test] SUCCESS.
  ✓   9 [chromium] › tests/admin-crud.spec.ts:139:9 › Parkside Villa Admin CRUD Operations › Settings Page (retry #1) (13.2s)
[2m[WebServer] [22m GET / [32m200[39m in 176ms[2m (compile: 5ms, render: 171ms)[22m
[2m[WebServer] [22m POST / [32m200[39m in 32ms[2m (compile: 7ms, render: 25ms)[22m
[2m[WebServer] [22m POST / [32m200[39m in 21ms[2m (compile: 5ms, render: 16ms)[22m
[2m[WebServer] [22m GET /undefined [33m404[39m in 427ms[2m (compile: 166ms, render: 261ms)[22m
  ✓  10 [chromium] › tests/navigation.spec.ts:5:9 › Parkside Villa Kitui E2E Tests › Homepage loads correctly and has title (4.6s)
[2m[WebServer] [22m GET / [32m200[39m in 195ms[2m (compile: 9ms, render: 186ms)[22m
[2m[WebServer] [22m POST / [32m200[39m in 55ms[2m (compile: 7ms, render: 48ms)[22m
[2m[WebServer] [22m POST / [32m200[39m in 31ms[2m (compile: 9ms, render: 23ms)[22m
  ✓  11 [chromium] › tests/navigation.spec.ts:11:9 › Parkside Villa Kitui E2E Tests › Navigation links on homepage are visible (2.0s)
[2m[WebServer] [22m GET / [32m200[39m in 142ms[2m (compile: 5ms, render: 137ms)[22m
[2m[WebServer] [22m POST / [32m200[39m in 30ms[2m (compile: 7ms, render: 24ms)[22m
[2m[WebServer] [22m POST / [32m200[39m in 37ms[2m (compile: 11ms, render: 27ms)[22m
  ✘   8 [chromium] › tests/admin-crud.spec.ts:99:9 › Parkside Villa Admin CRUD Operations › Leads Management (retry #1) (27.7s)
  ✓  12 [chromium] › tests/navigation.spec.ts:21:9 › Parkside Villa Kitui E2E Tests › Room cards are visible and "Book Room" button opens a modal (4.2s)
[2m[WebServer] [22m GET / [32m200[39m in 155ms[2m (compile: 6ms, render: 149ms)[22m
[2m[WebServer] [22m POST / [32m200[39m in 30ms[2m (compile: 8ms, render: 21ms)[22m
[2m[WebServer] [22m POST / [32m200[39m in 29ms[2m (compile: 11ms, render: 18ms)[22m
[2m[WebServer] [22mYou're attempting to animate multiple children within AnimatePresence, but its mode is set to "wait". This will lead to odd visual behaviour.
[2m[WebServer] [22m GET /dining [32m200[39m in 342ms[2m (compile: 85ms, render: 257ms)[22m
[2m[WebServer] [22m POST /dining [32m200[39m in 25ms[2m (compile: 5ms, render: 19ms)[22m
[2m[WebServer] [22m POST /dining [32m200[39m in 29ms[2m (compile: 5ms, render: 23ms)[22m
  ✓  14 [chromium] › tests/navigation.spec.ts:32:9 › Parkside Villa Kitui E2E Tests › Dining page navigation and content (2.7s)
[2m[WebServer] [22m GET / [32m200[39m in 88ms[2m (compile: 4ms, render: 84ms)[22m
[2m[WebServer] [22m POST / [32m200[39m in 29ms[2m (compile: 4ms, render: 25ms)[22m
[2m[WebServer] [22m POST / [32m200[39m in 23ms[2m (compile: 6ms, render: 17ms)[22m
  ✓  13 [chromium] › tests/navigation.spec.ts:39:9 › Parkside Villa Kitui E2E Tests › Contact section form elements are present (13.3s)
[2m[WebServer] [22m GET /admin/login [32m200[39m in 229ms[2m (compile: 7ms, render: 222ms)[22m
  ✓  16 [chromium] › tests/navigation.spec.ts:57:9 › Parkside Villa Kitui E2E Tests › Admin login page is accessible (1.3s)
  ✓  15 [chromium] › tests/navigation.spec.ts:51:9 › Parkside Villa Kitui E2E Tests › Footer is visible with copyright text (20.0s)


  1) [chromium] › tests/admin-crud.spec.ts:99:9 › Parkside Villa Admin CRUD Operations › Leads Management 

    Error: [2mexpect([22m[31mlocator[39m[2m).[22mtoBeVisible[2m([22m[2m)[22m failed

    Locator: getByText(/Dashboard Overview/i)
    Expected: visible
    Timeout: 45000ms
    Error: element(s) not found

    Call log:
    [2m  - Expect "toBeVisible" with timeout 45000ms[22m
    [2m  - waiting for getByText(/Dashboard Overview/i)[22m


       9 |         await page.fill('input[type="password"]', 'parkside2025');
      10 |         await page.click('button[type="submit"]');
    > 11 |         await expect(page.getByText(/Dashboard Overview/i)).toBeVisible({ timeout: 45000 });
         |                                                             ^
      12 |     });
      13 |
      14 |     test('Rooms CRUD', async ({ page }) => {
        at /home/evans/Projects/WEBSITE UPGRADE PARKSIDE VILLA/tests/admin-crud.spec.ts:11:61

    Error Context: test-results/admin-crud-Parkside-Villa--4c45c-Operations-Leads-Management-chromium/error-context.md

    Retry #1 ───────────────────────────────────────────────────────────────────────────────────────

    Error: [2mexpect([22m[31mlocator[39m[2m).[22mtoBeVisible[2m([22m[2m)[22m failed

    Locator: locator('div[style*="rgba(0,0,0,0.8)"]').getByText(/Booking Confirmed/i)
    Expected: visible
    Timeout: 20000ms
    Error: element(s) not found

    Call log:
    [2m  - Expect "toBeVisible" with timeout 20000ms[22m
    [2m  - waiting for locator('div[style*="rgba(0,0,0,0.8)"]').getByText(/Booking Confirmed/i)[22m


      118 |         // Wait for success message to appear on public site - scope to modal to avoid strict mode violation
      119 |         const modal = page.locator('div[style*="rgba(0,0,0,0.8)"]');
    > 120 |         await expect(modal.getByText(/Booking Confirmed/i)).toBeVisible({ timeout: 20000 });
          |                                                             ^
      121 |         // Wait for modal to disappear
      122 |         await expect(page.locator('div[class*="modal"]')).not.toBeVisible({ timeout: 10000 }).catch(() => { });
      123 |
        at /home/evans/Projects/WEBSITE UPGRADE PARKSIDE VILLA/tests/admin-crud.spec.ts:120:61

    Error Context: test-results/admin-crud-Parkside-Villa--4c45c-Operations-Leads-Management-chromium-retry1/error-context.md

    attachment #2: trace (application/zip) ─────────────────────────────────────────────────────────
    test-results/admin-crud-Parkside-Villa--4c45c-Operations-Leads-Management-chromium-retry1/trace.zip
    Usage:

        npx playwright show-trace test-results/admin-crud-Parkside-Villa--4c45c-Operations-Leads-Management-chromium-retry1/trace.zip

    ────────────────────────────────────────────────────────────────────────────────────────────────

  2) [chromium] › tests/admin-crud.spec.ts:14:9 › Parkside Villa Admin CRUD Operations › Rooms CRUD 

    Error: [2mexpect([22m[31mlocator[39m[2m).[22mtoBeVisible[2m([22m[2m)[22m failed

    Locator: getByText(/Dashboard Overview/i)
    Expected: visible
    Timeout: 45000ms
    Error: element(s) not found

    Call log:
    [2m  - Expect "toBeVisible" with timeout 45000ms[22m
    [2m  - waiting for getByText(/Dashboard Overview/i)[22m


       9 |         await page.fill('input[type="password"]', 'parkside2025');
      10 |         await page.click('button[type="submit"]');
    > 11 |         await expect(page.getByText(/Dashboard Overview/i)).toBeVisible({ timeout: 45000 });
         |                                                             ^
      12 |     });
      13 |
      14 |     test('Rooms CRUD', async ({ page }) => {
        at /home/evans/Projects/WEBSITE UPGRADE PARKSIDE VILLA/tests/admin-crud.spec.ts:11:61

    Error Context: test-results/admin-crud-Parkside-Villa-Admin-CRUD-Operations-Rooms-CRUD-chromium/error-context.md

  3) [chromium] › tests/admin-crud.spec.ts:84:9 › Parkside Villa Admin CRUD Operations › Facilities CRUD 

    Error: [2mexpect([22m[31mlocator[39m[2m).[22mtoBeVisible[2m([22m[2m)[22m failed

    Locator: getByText(/Dashboard Overview/i)
    Expected: visible
    Timeout: 45000ms
    Error: element(s) not found

    Call log:
    [2m  - Expect "toBeVisible" with timeout 45000ms[22m
    [2m  - waiting for getByText(/Dashboard Overview/i)[22m


       9 |         await page.fill('input[type="password"]', 'parkside2025');
      10 |         await page.click('button[type="submit"]');
    > 11 |         await expect(page.getByText(/Dashboard Overview/i)).toBeVisible({ timeout: 45000 });
         |                                                             ^
      12 |     });
      13 |
      14 |     test('Rooms CRUD', async ({ page }) => {
        at /home/evans/Projects/WEBSITE UPGRADE PARKSIDE VILLA/tests/admin-crud.spec.ts:11:61

    Error Context: test-results/admin-crud-Parkside-Villa--6f593--Operations-Facilities-CRUD-chromium/error-context.md

  4) [chromium] › tests/admin-crud.spec.ts:139:9 › Parkside Villa Admin CRUD Operations › Settings Page 

    Error: [2mexpect([22m[31mlocator[39m[2m).[22mtoBeVisible[2m([22m[2m)[22m failed

    Locator: getByText(/Dashboard Overview/i)
    Expected: visible
    Timeout: 45000ms
    Error: element(s) not found

    Call log:
    [2m  - Expect "toBeVisible" with timeout 45000ms[22m
    [2m  - waiting for getByText(/Dashboard Overview/i)[22m


       9 |         await page.fill('input[type="password"]', 'parkside2025');
      10 |         await page.click('button[type="submit"]');
    > 11 |         await expect(page.getByText(/Dashboard Overview/i)).toBeVisible({ timeout: 45000 });
         |                                                             ^
      12 |     });
      13 |
      14 |     test('Rooms CRUD', async ({ page }) => {
        at /home/evans/Projects/WEBSITE UPGRADE PARKSIDE VILLA/tests/admin-crud.spec.ts:11:61

    Error Context: test-results/admin-crud-Parkside-Villa--817e4-UD-Operations-Settings-Page-chromium/error-context.md

  1 failed
    [chromium] › tests/admin-crud.spec.ts:99:9 › Parkside Villa Admin CRUD Operations › Leads Management 
  3 flaky
    [chromium] › tests/admin-crud.spec.ts:14:9 › Parkside Villa Admin CRUD Operations › Rooms CRUD ─
    [chromium] › tests/admin-crud.spec.ts:84:9 › Parkside Villa Admin CRUD Operations › Facilities CRUD 
    [chromium] › tests/admin-crud.spec.ts:139:9 › Parkside Villa Admin CRUD Operations › Settings Page 
  8 passed (2.9m)
